// Jest Snapshot v1, https://goo.gl/fbAQLP

exports[`<App /> Verificar las citas en el DOM 1`] = `
Array [
  <div
    class="cita"
    data-testid="cita"
  >
    <p>
      Mascota:
      <span>
        Robin
      </span>
    </p>
    <p>
      Propietario: 
      <span>
        Victor
      </span>
    </p>
    <p>
      Fecha: 
      <span>
        2021-09-10
      </span>
    </p>
    <p>
      Hora: 
      <span>
        10:30
      </span>
    </p>
    <p>
      Síntomas: 
      <span>
        Amor
      </span>
    </p>
    <button
      class="button eliminar u-full-width"
    >
      Eliminar ×
    </button>
  </div>,
]
`;
